// Jest Snapshot v1, https://goo.gl/fbAQLP

exports[`Benefit Component renders 1`] = `
<section
  class="benefit"
>
  <h2
    class="benefit-title"
  >
    Here's How You Would Benefit
  </h2>
  <div
    class="benefit-table-wrapper"
  >
    <table
      class="benefit-table"
    >
      <caption
        class="benefit-table-caption"
      >
        <strong
          class="benefit-table-caption-text"
        >
          If you had a total debt of...
        </strong>
        <br />
        <strong
          class="benefit-table-caption-text"
        >
          $25,000
        </strong>
      </caption>
      <thead>
        <tr>
          <th />
          <th>
            <strong
              class="benefit-table-head-text"
            >
              Monthly Payment
            </strong>
          </th>
          <th>
            <strong
              class="benefit-table-head-text"
            >
              Total Repayment
            </strong>
          </th>
          <th>
            <strong
              class="benefit-table-head-text"
            >
              Debt Free In
            </strong>
          </th>
          <th>
            <strong
              class="benefit-table-head-text"
            >
              Interest Rate
            </strong>
          </th>
          <th>
            <strong
              class="benefit-table-head-text"
            >
              1-On-1 Expert Help
            </strong>
          </th>
        </tr>
      </thead>
      <tbody>
        <tr>
          <td>
            <picture>
              <source />
              <img
                alt="Debt Advisors Of America Regular Logo"
                class="regular-logo"
                loading="lazy"
              />
            </picture>
          </td>
          <td>
            <strong
              class="debt-advisors-data"
            >
              $408
            </strong>
          </td>
          <td>
            <strong
              class="debt-advisors-data"
            >
              $18,750
            </strong>
          </td>
          <td>
            <strong
              class="debt-advisors-data"
            >
              46 months
            </strong>
          </td>
          <td>
            <strong
              class="debt-advisors-data"
            >
              0%
            </strong>
          </td>
          <td>
            <svg
              aria-hidden="true"
              class="svg-inline--fa fa-check fa-w-16 check"
              data-icon="check"
              data-prefix="fas"
              focusable="false"
              role="img"
              viewBox="0 0 512 512"
              xmlns="http://www.w3.org/2000/svg"
            >
              <path
                d="M173.898 439.404l-166.4-166.4c-9.997-9.997-9.997-26.206 0-36.204l36.203-36.204c9.997-9.998 26.207-9.998 36.204 0L192 312.69 432.095 72.596c9.997-9.997 26.207-9.997 36.204 0l36.203 36.204c9.997 9.997 9.997 26.206 0 36.204l-294.4 294.401c-9.998 9.997-26.207 9.997-36.204-.001z"
                fill="currentColor"
              />
            </svg>
          </td>
        </tr>
        <tr>
          <td>
            <strong
              class="debt-advisors-row-label"
            >
              Consolidation Loan
            </strong>
          </td>
          <td>
            <p>
              $676
            </p>
          </td>
          <td>
            <p>
              $40,580
            </p>
          </td>
          <td>
            <p>
              60 months
            </p>
          </td>
          <td>
            <p>
              21%
            </p>
          </td>
          <td>
            <svg
              aria-hidden="true"
              class="svg-inline--fa fa-times fa-w-11 times"
              data-icon="times"
              data-prefix="fas"
              focusable="false"
              role="img"
              viewBox="0 0 352 512"
              xmlns="http://www.w3.org/2000/svg"
            >
              <path
                d="M242.72 256l100.07-100.07c12.28-12.28 12.28-32.19 0-44.48l-22.24-22.24c-12.28-12.28-32.19-12.28-44.48 0L176 189.28 75.93 89.21c-12.28-12.28-32.19-12.28-44.48 0L9.21 111.45c-12.28 12.28-12.28 32.19 0 44.48L109.28 256 9.21 356.07c-12.28 12.28-12.28 32.19 0 44.48l22.24 22.24c12.28 12.28 32.2 12.28 44.48 0L176 322.72l100.07 100.07c12.28 12.28 32.2 12.28 44.48 0l22.24-22.24c12.28-12.28 12.28-32.19 0-44.48L242.72 256z"
                fill="currentColor"
              />
            </svg>
          </td>
        </tr>
        <tr>
          <td>
            <strong
              class="debt-advisors-row-label"
            >
              Making Only Minimum Payments
            </strong>
          </td>
          <td>
            <p>
              $729
            </p>
          </td>
          <td>
            <p>
              $72,262
            </p>
          </td>
          <td>
            <p>
              230 months
            </p>
          </td>
          <td>
            <p>
              23%
            </p>
          </td>
          <td>
            <svg
              aria-hidden="true"
              class="svg-inline--fa fa-times fa-w-11 times"
              data-icon="times"
              data-prefix="fas"
              focusable="false"
              role="img"
              viewBox="0 0 352 512"
              xmlns="http://www.w3.org/2000/svg"
            >
              <path
                d="M242.72 256l100.07-100.07c12.28-12.28 12.28-32.19 0-44.48l-22.24-22.24c-12.28-12.28-32.19-12.28-44.48 0L176 189.28 75.93 89.21c-12.28-12.28-32.19-12.28-44.48 0L9.21 111.45c-12.28 12.28-12.28 32.19 0 44.48L109.28 256 9.21 356.07c-12.28 12.28-12.28 32.19 0 44.48l22.24 22.24c12.28 12.28 32.2 12.28 44.48 0L176 322.72l100.07 100.07c12.28 12.28 32.2 12.28 44.48 0l22.24-22.24c12.28-12.28 12.28-32.19 0-44.48L242.72 256z"
                fill="currentColor"
              />
            </svg>
          </td>
        </tr>
      </tbody>
    </table>
  </div>
  <p
    class="benefit-content"
  >
    * The minimum payment example is based on a credit card for individuals with fair credit, having an interest rate of 23% (rounded up to the nearest percentage point) and assumes a payment of 3% of the balance. Please note that, assuming the principal balance does not increase due to additional charges, fees, and interest, the required minimum monthly payment will decrease over time as additional minimum monthly payments are made and reduce the total balance.
  </p>
  <strong
    class="benefit-content"
  >
    Our goals are to help you resolve your enrolled debts as quickly as possible and to get you into a plan with one of our licensed partners to negotiate settlements for less than what you owe
  </strong>
  <a
    class="start-reducing-payments-link"
    href="/stepper"
  >
    Start Reducing Your Payments
  </a>
  <p
    class="benefit-content"
  >
    We've helped our previous referrals achieve major savings
  </p>
</section>
`;
